<?xml version="1.0" encoding="utf-8"?><testsuites name="pytest tests"><testsuite name="pytest" errors="0" failures="0" skipped="0" tests="50" time="7.215" timestamp="2026-08-15T04:17:43.486659+05:30" hostname="Paras"><testcase classname="tests.test_agentic_workflow.TestAgentFunctionRetry" name="test_succeeds_first_try_no_retry_needed" time="0.005" /><testcase classname="tests.test_agentic_workflow.TestAgentFunctionRetry" name="test_retries_once_on_tool_use_failed_then_succeeds" time="0.004" /><testcase classname="tests.test_agentic_workflow.TestAgentFunctionRetry" name="test_raises_after_second_tool_use_failed" time="0.005" /><testcase classname="tests.test_agentic_workflow.TestAgentFunctionRetry" name="test_non_transient_error_raises_immediately_without_retry" time="0.005" /><testcase classname="tests.test_api.TestHealthEndpoint" name="test_health_ok_after_startup" time="0.105" /><testcase classname="tests.test_api.TestQueryEndpoint" name="test_returns_answer_for_valid_question" time="0.022" /><testcase classname="tests.test_api.TestQueryEndpoint" name="test_missing_question_returns_422" time="0.016" /><testcase classname="tests.test_api.TestQueryEndpoint" name="test_save_to_file_flag_returns_saved_path" time="0.016" /><testcase classname="tests.test_calculator.TestMultiply" name="test_multiply_positive_numbers" time="0.002" /><testcase classname="tests.test_calculator.TestMultiply" name="test_multiply_by_zero" time="0.002" /><testcase classname="tests.test_calculator.TestMultiply" name="test_multiply_floats" time="0.003" /><testcase classname="tests.test_calculator.TestMultiply" name="test_multiply_numeric_strings" time="0.002" /><testcase classname="tests.test_calculator.TestMultiply" name="test_multiply_non_numeric_string_raises_clear_error" time="0.003" /><testcase classname="tests.test_calculator.TestCalculateTotal" name="test_sums_multiple_costs" time="0.002" /><testcase classname="tests.test_calculator.TestCalculateTotal" name="test_single_cost" time="0.002" /><testcase classname="tests.test_calculator.TestCalculateTotal" name="test_no_costs_returns_zero" time="0.002" /><testcase classname="tests.test_calculator.TestCalculateTotal" name="test_handles_floats" time="0.002" /><testcase classname="tests.test_calculator.TestCalculateDailyBudget" name="test_normal_division" time="0.001" /><testcase classname="tests.test_calculator.TestCalculateDailyBudget" name="test_zero_days_does_not_raise" time="0.002" /><testcase classname="tests.test_calculator.TestCalculateDailyBudget" name="test_negative_days_does_not_raise" time="0.002" /><testcase classname="tests.test_currency_converter.TestConvert" name="test_successful_conversion" time="0.005" /><testcase classname="tests.test_currency_converter.TestConvert" name="test_string_amount_is_coerced_to_float" time="0.005" /><testcase classname="tests.test_currency_converter.TestConvert" name="test_non_numeric_amount_raises_value_error" time="0.003" /><testcase classname="tests.test_currency_converter.TestConvert" name="test_unknown_target_currency_raises" time="0.005" /><testcase classname="tests.test_currency_converter.TestConvert" name="test_api_error_status_raises" time="0.005" /><testcase classname="tests.test_expense_calculator_tool.TestEstimateTotalHotelCost" name="test_invoke_with_numeric_args" time="0.032" /><testcase classname="tests.test_expense_calculator_tool.TestCalculateTotalExpense" name="test_invoke_with_list_of_costs" time="0.017" /><testcase classname="tests.test_expense_calculator_tool.TestCalculateTotalExpense" name="test_invoke_with_single_cost" time="0.013" /><testcase classname="tests.test_expense_calculator_tool.TestCalculateDailyExpenseBudget" name="test_invoke_with_numeric_args" time="0.014" /><testcase classname="tests.test_place_info_search.TestGeocode" name="test_missing_api_key_raises" time="0.003" /><testcase classname="tests.test_place_info_search.TestGeocode" name="test_no_features_raises" time="0.004" /><testcase classname="tests.test_place_info_search.TestGeocode" name="test_returns_lon_lat" time="0.004" /><testcase classname="tests.test_place_info_search.TestSearchAttractions" name="test_formats_results_from_geoapify" time="0.003" /><testcase classname="tests.test_place_info_search.TestSearchAttractions" name="test_empty_results_raises_to_trigger_fallback" time="0.007" /><testcase classname="tests.test_place_info_search.TestTavilyFallback" name="test_returns_answer_field_when_present" time="0.003" /><testcase classname="tests.test_place_info_search.TestTavilyFallback" name="test_returns_raw_result_when_no_answer_field" time="0.003" /><testcase classname="tests.test_place_search_tool.TestSearchAttractions" name="test_uses_geoapify_result_when_it_succeeds" time="0.022" /><testcase classname="tests.test_place_search_tool.TestSearchAttractions" name="test_falls_back_to_tavily_when_geoapify_fails" time="0.021" /><testcase classname="tests.test_place_search_tool.TestSearchRestaurants" name="test_falls_back_to_tavily_when_geoapify_fails" time="0.020" /><testcase classname="tests.test_place_search_tool.TestSearchActivities" name="test_uses_geoapify_result_when_it_succeeds" time="0.021" /><testcase classname="tests.test_place_search_tool.TestSearchTransportation" name="test_falls_back_to_tavily_when_geoapify_fails" time="0.022" /><testcase classname="tests.test_save_to_document.TestSaveDocument" name="test_creates_directory_if_missing" time="0.015" /><testcase classname="tests.test_save_to_document.TestSaveDocument" name="test_returns_path_to_written_file" time="0.012" /><testcase classname="tests.test_save_to_document.TestSaveDocument" name="test_file_contains_the_response_text" time="0.092" /><testcase classname="tests.test_save_to_document.TestSaveDocument" name="test_filename_is_timestamped_markdown" time="0.008" /><testcase classname="tests.test_save_to_document.TestSaveDocument" name="test_handles_unicode_content_without_crashing" time="0.023" /><testcase classname="tests.test_weather_info.TestGetCurrentWeather" name="test_requests_metric_units" time="0.004" /><testcase classname="tests.test_weather_info.TestGetCurrentWeather" name="test_returns_parsed_json_on_success" time="0.005" /><testcase classname="tests.test_weather_info.TestGetCurrentWeather" name="test_returns_empty_dict_on_non_200" time="0.007" /><testcase classname="tests.test_weather_info.TestGetForecastWeather" name="test_requests_metric_units" time="0.004" /></testsuite></testsuites>